................................                                         [100%]
============================== warnings summary ===============================
tests/test_harness.py: 1 warning
tests/test_rag_routes.py: 5 warnings
tests/test_whatsapp_routes.py: 10 warnings
  C:\Users\rafae\Projetos GitHub\ChatBotModelo\backend\.venv\Lib\site-packages\jose\jwt.py:311: DeprecationWarning: datetime.datetime.utcnow() is deprecated and scheduled for removal in a future version. Use timezone-aware objects to represent datetimes in UTC: datetime.datetime.now(datetime.UTC).
    now = timegm(datetime.utcnow().utctimetuple())

-- Docs: https://docs.pytest.org/en/stable/how-to/capture-warnings.html
32 passed, 16 warnings in 2.99s
